// Jest Snapshot v1, https://goo.gl/fbAQLP

exports[`Queries fetches list of statuses 1`] = `
Object {
  "data": Object {
    "status": Object {
      "commits": Array [
        Object {
          "commits": null,
          "message": "Feat/add circleci (#3)

* Initial circleci config",
          "promotions": Array [
            Object {
              "buildId": 3,
              "env": "build",
              "rough": false,
              "status": null,
              "timestamp": "2020-01-01T23:21:21.104Z",
              "url": "https://circleci.com/gh/merlinc/release-status-testbed/3",
            },
          ],
          "sha": "3c5d0a3922accba42182c3fc647ebca52419af6e",
          "url": "https://api.github.com/repos/merlinc/release-status-testbed/commits/3c5d0a3922accba42182c3fc647ebca52419af6e",
        },
        Object {
          "commits": null,
          "message": "Merge pull request #1 from merlinc/add-node

Add package.json",
          "promotions": Array [],
          "sha": "079df5bd5f46bf4a243879cca55faf2e88e2b67d",
          "url": "https://api.github.com/repos/merlinc/release-status-testbed/commits/079df5bd5f46bf4a243879cca55faf2e88e2b67d",
        },
        Object {
          "commits": null,
          "message": "Update package.json",
          "promotions": Array [],
          "sha": "4c7460f3a286b5eebdc6f93394c1dcbc103b6e9d",
          "url": "https://api.github.com/repos/merlinc/release-status-testbed/commits/4c7460f3a286b5eebdc6f93394c1dcbc103b6e9d",
        },
        Object {
          "commits": null,
          "message": "Add package.json",
          "promotions": Array [],
          "sha": "9ac2d7c11db9ff386ac0408df149c61523caf081",
          "url": "https://api.github.com/repos/merlinc/release-status-testbed/commits/9ac2d7c11db9ff386ac0408df149c61523caf081",
        },
        Object {
          "commits": null,
          "message": "Initial commit",
          "promotions": Array [],
          "sha": "a21c62481031c3af80e67f10491fd4fd9fafd60a",
          "url": "https://api.github.com/repos/merlinc/release-status-testbed/commits/a21c62481031c3af80e67f10491fd4fd9fafd60a",
        },
      ],
      "project": "release-status-testbed",
    },
  },
  "errors": undefined,
  "extensions": Any<Object>,
  "http": Object {
    "headers": Headers {
      Symbol(map): Object {},
    },
  },
}
`;
