// Jest Snapshot v1, https://goo.gl/fbAQLP

exports[`Queries fetches list of statuses 1`] = `
Object {
  "data": Object {
    "status": Object {
      "commits": Array [
        Object {
          "commits": null,
          "message": "Feat/add circleci (#3)

* Initial circleci config",
          "promotions": Array [
            Object {
              "buildId": 3,
              "env": "build",
              "rough": false,
              "status": null,
              "timestamp": "2020-01-01T23:21:21.104Z",
              "url": "https://circleci.com/gh/merlinc/release-status-testbed/3",
            },
          ],
          "sha": "3c5d0a3922accba42182c3fc647ebca52419af6e",
          "url": "https://api.github.com/repos/merlinc/release-status-testbed/commits/3c5d0a3922accba42182c3fc647ebca52419af6e",
        },
        Object {
          "commits": null,
          "message": "Merge pull request #1 from merlinc/add-node

Add package.json",
          "promotions": Array [],
          "sha": "079df5bd5f46bf4a243879cca55faf2e88e2b67d",
          "url": "https://api.github.com/repos/merlinc/release-status-testbed/commits/079df5bd5f46bf4a243879cca55faf2e88e2b67d",
        },
        Object {
          "commits": null,
          "message": "Update package.json",
          "promotions": Array [],
          "sha": "4c7460f3a286b5eebdc6f93394c1dcbc103b6e9d",
          "url": "https://api.github.com/repos/merlinc/release-status-testbed/commits/4c7460f3a286b5eebdc6f93394c1dcbc103b6e9d",
        },
        Object {
          "commits": null,
          "message": "Add package.json",
          "promotions": Array [],
          "sha": "9ac2d7c11db9ff386ac0408df149c61523caf081",
          "url": "https://api.github.com/repos/merlinc/release-status-testbed/commits/9ac2d7c11db9ff386ac0408df149c61523caf081",
        },
        Object {
          "commits": null,
          "message": "Initial commit",
          "promotions": Array [],
          "sha": "a21c62481031c3af80e67f10491fd4fd9fafd60a",
          "url": "https://api.github.com/repos/merlinc/release-status-testbed/commits/a21c62481031c3af80e67f10491fd4fd9fafd60a",
        },
      ],
      "project": "release-status-testbed",
    },
  },
  "errors": undefined,
  "extensions": Object {
    "tracing": Object {
      "duration": 3948089041,
      "endTime": "2020-01-02T18:46:55.420Z",
      "execution": Object {
        "resolvers": Array [
          Object {
            "duration": 3936074227,
            "fieldName": "status",
            "parentType": "Query",
            "path": Array [
              "status",
            ],
            "returnType": "Status",
            "startOffset": 8183595,
          },
          Object {
            "duration": 326892,
            "fieldName": "project",
            "parentType": "Status",
            "path": Array [
              "status",
              "project",
            ],
            "returnType": "String!",
            "startOffset": 3944750059,
          },
          Object {
            "duration": 121126,
            "fieldName": "commits",
            "parentType": "Status",
            "path": Array [
              "status",
              "commits",
            ],
            "returnType": "[Commit]",
            "startOffset": 3945148432,
          },
          Object {
            "duration": 51113,
            "fieldName": "message",
            "parentType": "Commit",
            "path": Array [
              "status",
              "commits",
              0,
              "message",
            ],
            "returnType": "String!",
            "startOffset": 3945400799,
          },
          Object {
            "duration": 30417,
            "fieldName": "sha",
            "parentType": "Commit",
            "path": Array [
              "status",
              "commits",
              0,
              "sha",
            ],
            "returnType": "String!",
            "startOffset": 3945499586,
          },
          Object {
            "duration": 23347,
            "fieldName": "url",
            "parentType": "Commit",
            "path": Array [
              "status",
              "commits",
              0,
              "url",
            ],
            "returnType": "String",
            "startOffset": 3945563494,
          },
          Object {
            "duration": 30685,
            "fieldName": "commits",
            "parentType": "Commit",
            "path": Array [
              "status",
              "commits",
              0,
              "commits",
            ],
            "returnType": "[GitObject]",
            "startOffset": 3945621574,
          },
          Object {
            "duration": 42808,
            "fieldName": "promotions",
            "parentType": "Commit",
            "path": Array [
              "status",
              "commits",
              0,
              "promotions",
            ],
            "returnType": "[Promotion]",
            "startOffset": 3945680794,
          },
          Object {
            "duration": 49987,
            "fieldName": "buildId",
            "parentType": "Promotion",
            "path": Array [
              "status",
              "commits",
              0,
              "promotions",
              0,
              "buildId",
            ],
            "returnType": "Int",
            "startOffset": 3945832740,
          },
          Object {
            "duration": 31397,
            "fieldName": "env",
            "parentType": "Promotion",
            "path": Array [
              "status",
              "commits",
              0,
              "promotions",
              0,
              "env",
            ],
            "returnType": "String",
            "startOffset": 3946126292,
          },
          Object {
            "duration": 32962,
            "fieldName": "rough",
            "parentType": "Promotion",
            "path": Array [
              "status",
              "commits",
              0,
              "promotions",
              0,
              "rough",
            ],
            "returnType": "Boolean",
            "startOffset": 3946191814,
          },
          Object {
            "duration": 26900,
            "fieldName": "status",
            "parentType": "Promotion",
            "path": Array [
              "status",
              "commits",
              0,
              "promotions",
              0,
              "status",
            ],
            "returnType": "BuildResult",
            "startOffset": 3946254872,
          },
          Object {
            "duration": 22442,
            "fieldName": "timestamp",
            "parentType": "Promotion",
            "path": Array [
              "status",
              "commits",
              0,
              "promotions",
              0,
              "timestamp",
            ],
            "returnType": "Date",
            "startOffset": 3946316663,
          },
          Object {
            "duration": 32383,
            "fieldName": "url",
            "parentType": "Promotion",
            "path": Array [
              "status",
              "commits",
              0,
              "promotions",
              0,
              "url",
            ],
            "returnType": "String",
            "startOffset": 3946413693,
          },
          Object {
            "duration": 29982,
            "fieldName": "message",
            "parentType": "Commit",
            "path": Array [
              "status",
              "commits",
              1,
              "message",
            ],
            "returnType": "String!",
            "startOffset": 3946515288,
          },
          Object {
            "duration": 22773,
            "fieldName": "sha",
            "parentType": "Commit",
            "path": Array [
              "status",
              "commits",
              1,
              "sha",
            ],
            "returnType": "String!",
            "startOffset": 3946575848,
          },
          Object {
            "duration": 20680,
            "fieldName": "url",
            "parentType": "Commit",
            "path": Array [
              "status",
              "commits",
              1,
              "url",
            ],
            "returnType": "String",
            "startOffset": 3946633115,
          },
          Object {
            "duration": 53283,
            "fieldName": "commits",
            "parentType": "Commit",
            "path": Array [
              "status",
              "commits",
              1,
              "commits",
            ],
            "returnType": "[GitObject]",
            "startOffset": 3946680561,
          },
          Object {
            "duration": 24915,
            "fieldName": "promotions",
            "parentType": "Commit",
            "path": Array [
              "status",
              "commits",
              1,
              "promotions",
            ],
            "returnType": "[Promotion]",
            "startOffset": 3946760907,
          },
          Object {
            "duration": 24733,
            "fieldName": "message",
            "parentType": "Commit",
            "path": Array [
              "status",
              "commits",
              2,
              "message",
            ],
            "returnType": "String!",
            "startOffset": 3946852276,
          },
          Object {
            "duration": 28471,
            "fieldName": "sha",
            "parentType": "Commit",
            "path": Array [
              "status",
              "commits",
              2,
              "sha",
            ],
            "returnType": "String!",
            "startOffset": 3946907089,
          },
          Object {
            "duration": 20671,
            "fieldName": "url",
            "parentType": "Commit",
            "path": Array [
              "status",
              "commits",
              2,
              "url",
            ],
            "returnType": "String",
            "startOffset": 3946964436,
          },
          Object {
            "duration": 23553,
            "fieldName": "commits",
            "parentType": "Commit",
            "path": Array [
              "status",
              "commits",
              2,
              "commits",
            ],
            "returnType": "[GitObject]",
            "startOffset": 3947017031,
          },
          Object {
            "duration": 28801,
            "fieldName": "promotions",
            "parentType": "Commit",
            "path": Array [
              "status",
              "commits",
              2,
              "promotions",
            ],
            "returnType": "[Promotion]",
            "startOffset": 3947065351,
          },
          Object {
            "duration": 23663,
            "fieldName": "message",
            "parentType": "Commit",
            "path": Array [
              "status",
              "commits",
              3,
              "message",
            ],
            "returnType": "String!",
            "startOffset": 3947150142,
          },
          Object {
            "duration": 22743,
            "fieldName": "sha",
            "parentType": "Commit",
            "path": Array [
              "status",
              "commits",
              3,
              "sha",
            ],
            "returnType": "String!",
            "startOffset": 3947209590,
          },
          Object {
            "duration": 25862,
            "fieldName": "url",
            "parentType": "Commit",
            "path": Array [
              "status",
              "commits",
              3,
              "url",
            ],
            "returnType": "String",
            "startOffset": 3947260829,
          },
          Object {
            "duration": 25066,
            "fieldName": "commits",
            "parentType": "Commit",
            "path": Array [
              "status",
              "commits",
              3,
              "commits",
            ],
            "returnType": "[GitObject]",
            "startOffset": 3947313179,
          },
          Object {
            "duration": 23839,
            "fieldName": "promotions",
            "parentType": "Commit",
            "path": Array [
              "status",
              "commits",
              3,
              "promotions",
            ],
            "returnType": "[Promotion]",
            "startOffset": 3947369095,
          },
          Object {
            "duration": 23620,
            "fieldName": "message",
            "parentType": "Commit",
            "path": Array [
              "status",
              "commits",
              4,
              "message",
            ],
            "returnType": "String!",
            "startOffset": 3947453238,
          },
          Object {
            "duration": 32703,
            "fieldName": "sha",
            "parentType": "Commit",
            "path": Array [
              "status",
              "commits",
              4,
              "sha",
            ],
            "returnType": "String!",
            "startOffset": 3947506812,
          },
          Object {
            "duration": 20037,
            "fieldName": "url",
            "parentType": "Commit",
            "path": Array [
              "status",
              "commits",
              4,
              "url",
            ],
            "returnType": "String",
            "startOffset": 3947568354,
          },
          Object {
            "duration": 22895,
            "fieldName": "commits",
            "parentType": "Commit",
            "path": Array [
              "status",
              "commits",
              4,
              "commits",
            ],
            "returnType": "[GitObject]",
            "startOffset": 3947620178,
          },
          Object {
            "duration": 23107,
            "fieldName": "promotions",
            "parentType": "Commit",
            "path": Array [
              "status",
              "commits",
              4,
              "promotions",
            ],
            "returnType": "[Promotion]",
            "startOffset": 3947667213,
          },
        ],
      },
      "startTime": "2020-01-02T18:46:51.472Z",
      "version": 1,
    },
  },
  "http": Object {
    "headers": Headers {
      Symbol(map): Object {},
    },
  },
}
`;
